\BOOKMARK [1][-]{section.1}{\376\377\000D\000e\000f\000i\000n\000i\000c\000i\000\363\000n\000\040\000d\000e\000l\000\040\000P\000r\000o\000y\000e\000c\000t\000o}{}% 1
\BOOKMARK [2][-]{subsection.1.1}{\376\377\000D\000a\000t\000o\000s\000\040\000d\000e\000\040\000l\000a\000\040\000C\000o\000n\000s\000u\000l\000t\000o\000r\000a}{section.1}% 2
\BOOKMARK [2][-]{subsection.1.2}{\376\377\000O\000b\000j\000e\000t\000i\000v\000o\000\040\000d\000e\000l\000\040\000P\000r\000o\000y\000e\000c\000t\000o}{section.1}% 3
\BOOKMARK [2][-]{subsection.1.3}{\376\377\000P\000e\000r\000f\000i\000l\000e\000s\000\040\000d\000e\000\040\000U\000s\000u\000a\000r\000i\000o}{section.1}% 4
\BOOKMARK [2][-]{subsection.1.4}{\376\377\000F\000u\000n\000c\000i\000o\000n\000e\000s\000\040\000p\000o\000r\000\040\000U\000s\000u\000a\000r\000i\000o}{section.1}% 5
\BOOKMARK [3][-]{subsubsection.1.4.1}{\376\377\000A\000d\000o\000p\000t\000a\000n\000t\000e}{subsection.1.4}% 6
\BOOKMARK [3][-]{subsubsection.1.4.2}{\376\377\000F\000u\000n\000d\000a\000c\000i\000\363\000n}{subsection.1.4}% 7
\BOOKMARK [2][-]{subsection.1.5}{\376\377\000I\000n\000f\000o\000r\000m\000a\000c\000i\000\363\000n\000\040\000d\000e\000\040\000P\000r\000i\000n\000c\000i\000p\000a\000l\000e\000s\000\040\000E\000n\000t\000i\000d\000a\000d\000e\000s}{section.1}% 8
\BOOKMARK [2][-]{subsection.1.6}{\376\377\000A\000r\000q\000u\000i\000t\000e\000c\000t\000u\000r\000a}{section.1}% 9
\BOOKMARK [1][-]{section.2}{\376\377\000D\000i\000s\000e\000\361\000o\000\040\000d\000e\000\040\000l\000a\000\040\000B\000a\000s\000e\000\040\000d\000e\000\040\000D\000a\000t\000o\000s}{}% 10
\BOOKMARK [2][-]{subsection.2.1}{\376\377\000E\000n\000t\000i\000d\000a\000d\000e\000s\000\040\000P\000r\000i\000n\000c\000i\000p\000a\000l\000e\000s}{section.2}% 11
\BOOKMARK [2][-]{subsection.2.2}{\376\377\000R\000e\000l\000a\000c\000i\000o\000n\000e\000s}{section.2}% 12
\BOOKMARK [1][-]{section.3}{\376\377\000D\000i\000c\000c\000i\000o\000n\000a\000r\000i\000o\000\040\000d\000e\000\040\000D\000a\000t\000o\000s}{}% 13
\BOOKMARK [1][-]{section.4}{\376\377\000D\000i\000s\000e\000\361\000o\000\040\000d\000e\000\040\000I\000n\000t\000e\000r\000f\000a\000c\000e\000s}{}% 14
\BOOKMARK [2][-]{subsection.4.1}{\376\377\000M\000a\000p\000a\000\040\000d\000e\000\040\000N\000a\000v\000e\000g\000a\000c\000i\000\363\000n}{section.4}% 15
\BOOKMARK [2][-]{subsection.4.2}{\376\377\000D\000e\000t\000a\000l\000l\000e\000\040\000d\000e\000\040\000P\000a\000n\000t\000a\000l\000l\000a\000s\000\040\000P\000r\000i\000n\000c\000i\000p\000a\000l\000e\000s}{section.4}% 16
\BOOKMARK [3][-]{subsubsection.4.2.1}{\376\377\0001\000.\000\040\000C\000a\000t\000\341\000l\000o\000g\000o\000\040\000d\000e\000\040\000A\000d\000o\000p\000c\000i\000\363\000n\000\040\000\050\000A\000d\000o\000p\000t\000a\000n\000t\000e\000\051}{subsection.4.2}% 17
\BOOKMARK [3][-]{subsubsection.4.2.2}{\376\377\0002\000.\000\040\000M\000o\000d\000a\000l\000\040\000d\000e\000\040\000D\000e\000t\000a\000l\000l\000e\000s\000\040\000d\000e\000\040\000M\000a\000s\000c\000o\000t\000a}{subsection.4.2}% 18
\BOOKMARK [3][-]{subsubsection.4.2.3}{\376\377\0003\000.\000\040\000P\000e\000r\000f\000i\000l\000\040\000d\000e\000\040\000I\000d\000o\000n\000e\000i\000d\000a\000d\000\040\000\050\000A\000d\000o\000p\000t\000a\000n\000t\000e\000\051}{subsection.4.2}% 19
\BOOKMARK [3][-]{subsubsection.4.2.4}{\376\377\0004\000.\000\040\000P\000a\000n\000e\000l\000\040\000d\000e\000\040\000G\000e\000s\000t\000i\000\363\000n\000\040\000\050\000F\000u\000n\000d\000a\000c\000i\000\363\000n\000\051}{subsection.4.2}% 20
\BOOKMARK [1][-]{section.5}{\376\377\000C\000o\000n\000s\000u\000l\000t\000a\000s}{}% 21
